exports[`TodosListComponent renders correctly 1`] = `
<div>
  <h2>
    Todos RxJS
  </h2>
  <button
    onClick={[Function]}>
    add
  </button>
  <input
    onChange={[Function]}
    type="text"
    value="" />
  <WithObservable(TodosListSearchComponent) />
  <ol
    className="list">
    <li>
      text
    </li>
  </ol>
</div>
`;
